HERMES test passed
