================================================================
 HERMES PRE-BENCHMARK GATE 15.7: CAUSAL E2E SECURITY HARNESS
================================================================

[S1] Testing Relative Path Traversal (../../outside/OUTSIDE_SENTINEL.txt)...
[S2] Testing Absolute Outside Path Escape...
[S3] Testing Windows Junction / Symlink Escape...
[S4] Testing Path Prefix Confusion (workspace_evil vs workspace)...
[S5] Testing Outside File Read via ReadFileTool...
[S6] Testing Outside File Write via WriteFileTool...
[S7] Testing Outside File Delete via DeleteFileTool...
[S8] Testing Command Injection & Argument Isolation...
[S9] Testing Pipe to Shell Detection...
[S10] Testing Malformed Tool Arguments...
[S11] Testing Unknown Tool Rejection in Registry/Dispatcher...
[S12] Testing Dangerous Commands (rm -rf /, sudo, fork bomb)...
[S13] Testing Protected Credential Paths (.ssh, .env, .aws)...

[S14] Testing Causal End-to-End README.md Prompt-Injection Pipeline...
[S15] Testing Causal End-to-End Source Comment Prompt Injection Pipeline...
[S16] Testing Causal End-to-End Test Fixture Prompt Injection Pipeline...
[S17] Testing Causal End-to-End Git Commit Message Injection in Disposable Repo...
[S18] Testing Causal End-to-End Mock External API Response Injection Pipeline...
[S19] Testing Causal End-to-End Tool Output Prompt Injection Pipeline...
[S20] Testing Model-Generated Malicious Tool Call (../../)...
[S21] Testing Causal Closed-Loop Repair Prompt Injection Pipeline...

[S22] Testing Real Production Execution Wrapper Fail-Closed Behavior...
[S23] Testing Artifact Path Escape (../)...
[S24] Testing Real Git Tool Outside Target Path Escape...