[GATE 12 EXECUTION LOG]
2026-09-02T16:47:32Z [INFO] Initializing Gate 12 Calibration Harness
2026-09-02T16:47:32Z [INFO] Frozen Routing Policy snapshot recorded (T2_THRESHOLD=0.70, HIGH_RISK=0.60)
2026-09-02T16:47:32Z [INFO] Executing 24 calibration tasks across 6 categories...
2026-09-02T16:47:32Z [INFO] Task C01: Category=SIMPLE Action=ACCEPT_T1 FinalTier=T1 Class=CORRECT_ROUTING
2026-09-02T16:47:32Z [INFO] Task C02: Category=SIMPLE Action=ACCEPT_T1 FinalTier=T1 Class=CORRECT_ROUTING
2026-09-02T16:47:32Z [INFO] Task C03: Category=SIMPLE Action=ACCEPT_T1 FinalTier=T1 Class=CORRECT_ROUTING
2026-09-02T16:47:32Z [INFO] Task C04: Category=SIMPLE Action=ACCEPT_T1 FinalTier=T1 Class=CORRECT_ROUTING
2026-09-02T16:47:32Z [INFO] Task C05: Category=STANDARD Action=ACCEPT_T1 FinalTier=T1 Class=CORRECT_ROUTING
2026-09-02T16:47:32Z [INFO] Task C06: Category=STANDARD Action=ACCEPT_T1 FinalTier=T1 Class=CORRECT_ROUTING
2026-09-02T16:47:32Z [INFO] Task C07: Category=STANDARD Action=ACCEPT_T1 FinalTier=T1 Class=CORRECT_ROUTING
2026-09-02T16:47:32Z [INFO] Task C08: Category=STANDARD Action=ACCEPT_T1 FinalTier=T1 Class=CORRECT_ROUTING
2026-09-02T16:47:32Z [INFO] Task C09: Category=COMPLEX Action=ESCALATE_T2 FinalTier=T2 Class=CONSERVATIVE_ESCALATION
2026-09-02T16:47:32Z [INFO] Task C10: Category=COMPLEX Action=ESCALATE_T2 FinalTier=T2 Class=CONSERVATIVE_ESCALATION
2026-09-02T16:47:32Z [INFO] Task C11: Category=COMPLEX Action=ESCALATE_T2 FinalTier=T2 Class=CONSERVATIVE_ESCALATION
2026-09-02T16:47:32Z [INFO] Task C12: Category=COMPLEX Action=ESCALATE_T2 FinalTier=T2 Class=CONSERVATIVE_ESCALATION
2026-09-02T16:47:32Z [INFO] Task C13: Category=HIGH_RISK Action=ESCALATE_T2 FinalTier=T2 Class=CONSERVATIVE_ESCALATION
2026-09-02T16:47:32Z [INFO] Task C14: Category=HIGH_RISK Action=ESCALATE_T2 FinalTier=T2 Class=CONSERVATIVE_ESCALATION
2026-09-02T16:47:32Z [INFO] Task C15: Category=HIGH_RISK Action=FAIL_SAFE FinalTier=NONE Class=CONSERVATIVE_ESCALATION
2026-09-02T16:47:32Z [INFO] Task C16: Category=HIGH_RISK Action=FAIL_SAFE FinalTier=NONE Class=CONSERVATIVE_ESCALATION
2026-09-02T16:47:32Z [INFO] Task C17: Category=AMBIGUOUS Action=ESCALATE_T2 FinalTier=T2 Class=CONSERVATIVE_ESCALATION
2026-09-02T16:47:32Z [INFO] Task C18: Category=AMBIGUOUS Action=ESCALATE_T2 FinalTier=T2 Class=CONSERVATIVE_ESCALATION
2026-09-02T16:47:32Z [INFO] Task C19: Category=AMBIGUOUS Action=ESCALATE_T2 FinalTier=T2 Class=CONSERVATIVE_ESCALATION
2026-09-02T16:47:32Z [INFO] Task C20: Category=AMBIGUOUS Action=ESCALATE_T2 FinalTier=T2 Class=CONSERVATIVE_ESCALATION
2026-09-02T16:47:32Z [INFO] Task C21: Category=FAILURE_PRONE Action=RETRY_T1 FinalTier=T2 Class=CORRECT_ROUTING
2026-09-02T16:47:32Z [INFO] Task C22: Category=FAILURE_PRONE Action=RETRY_T1 FinalTier=T2 Class=CONSERVATIVE_ESCALATION
2026-09-02T16:47:32Z [INFO] Task C23: Category=FAILURE_PRONE Action=ESCALATE_T2 FinalTier=T3 Class=CONSERVATIVE_ESCALATION
2026-09-02T16:47:32Z [INFO] Task C24: Category=FAILURE_PRONE Action=ESCALATE_T2 FinalTier=T2 Class=CONSERVATIVE_ESCALATION
2026-09-02T16:47:32Z [INFO] Saved all Gate 12 machine-readable artifacts in artifacts/
2026-09-02T16:48:40Z [INFO] Regression suite: 178/178 tests passed cleanly (11.80s)
